14:59:08 **** Auto Build of configuration Debug for project test_vdma ****
make all 
Building file: ../src/helloworld.c
Invoking: ARM gcc compiler
arm-xilinx-eabi-gcc -Wall -O0 -g3 -c -fmessage-length=0 -I../../zynq_fsbl_bsp/ps7_cortexa9_0/include -MMD -MP -MF"src/helloworld.d" -MT"src/helloworld.d" -o "src/helloworld.o" "../src/helloworld.c"
../src/helloworld.c: In function 'main':
../src/helloworld.c:47:5: warning: implicit declaration of function 'camera_main' [-Wimplicit-function-declaration]
../src/helloworld.c:50:9: warning: assignment makes pointer from integer without a cast [enabled by default]
../src/helloworld.c:60:10: warning: assignment makes pointer from integer without a cast [enabled by default]
../src/helloworld.c:62:10: warning: assignment makes pointer from integer without a cast [enabled by default]
../src/helloworld.c:64:10: warning: assignment makes pointer from integer without a cast [enabled by default]
../src/helloworld.c:68:10: warning: assignment makes pointer from integer without a cast [enabled by default]
../src/helloworld.c:70:10: warning: assignment makes pointer from integer without a cast [enabled by default]
../src/helloworld.c:73:10: warning: assignment makes pointer from integer without a cast [enabled by default]
Finished building: ../src/helloworld.c
 
Building target: test_vdma.elf
Invoking: ARM gcc linker
arm-xilinx-eabi-gcc -Wl,-T -Wl,../src/lscript.ld -L../../zynq_fsbl_bsp/ps7_cortexa9_0/lib -o "test_vdma.elf"  ./src/camera_app.o ./src/fmc_imageon_utils.o ./src/helloworld.o ./src/platform.o ./src/video_frame_buffer.o ./src/video_resolution.o   -Wl,--start-group,-lxil,-lgcc,-lc,--end-group
Finished building target: test_vdma.elf
 
Invoking: ARM Print Size
arm-xilinx-eabi-size test_vdma.elf  |tee "test_vdma.elf.size"
   text	   data	    bss	    dec	    hex	filename
  38860	   1576	  32640	  73076	  11d74	test_vdma.elf
Finished building: test_vdma.elf.size
 

14:59:08 Build Finished (took 263ms)

